=== STAGE 5: WebGPU legacy 12-DOF (README parity) ===
--- webgpu-12dof N=2048 ---
building 2048 CPU rapier envs...
building 2048 GPU nexus envs...
[khal] backend = WebGPU
  [WebGPU update only]     793.8 ms
  (gather verified, err 0.000e0)

full iteration — 2048 envs, T=32, 5e x 16mb
  FULL CPU (rapier + CPU MLP + CPU update) :   23399.7 ms =   2.80 k env/s
  FULL GPU (nexus + vortx + GPU update)    :    1839.3 ms =  35.63 k env/s
  speedup                                  : 12.72x
--- webgpu-12dof N=4096 ---
building 4096 CPU rapier envs...
building 4096 GPU nexus envs...
[khal] backend = WebGPU
  [WebGPU update only]    1566.8 ms
  (gather verified, err 0.000e0)

full iteration — 4096 envs, T=32, 5e x 16mb
  FULL CPU (rapier + CPU MLP + CPU update) :   40602.3 ms =   3.23 k env/s
  FULL GPU (nexus + vortx + GPU update)    :    3103.2 ms =  42.24 k env/s
  speedup                                  : 13.08x
--- webgpu-12dof N=8192 ---
building 8192 CPU rapier envs...
building 8192 GPU nexus envs...
[khal] backend = WebGPU
  [WebGPU update only]    3161.4 ms
  (gather verified, err 0.000e0)

full iteration — 8192 envs, T=32, 5e x 16mb
  FULL CPU (rapier + CPU MLP + CPU update) :   69747.4 ms =   3.76 k env/s
  FULL GPU (nexus + vortx + GPU update)    :    6201.5 ms =  42.27 k env/s
  speedup                                  : 11.25x
=== STAGE 6: CUDA+cuTile bold column (AGILE-parity realism+terrain) ===
--- cuda-bold N=2048 ---
building 2048 CPU rapier envs...
building 2048 GPU nexus envs...
[khal] backend = native CUDA (sm_120)
contact reduction ENABLED (per-pair manifolds merged to ≤4 points)
terrain curriculum ENABLED: 3 family strips (20 rows x 8 m patches), built in 0.5s
contact buffers pre-sized to 128/batch
actuator delay ENABLED: 0..=4 physics substeps, resampled per env at reset

thread 'main' (3270322) panicked at /home/champagne/rt_build/cutile-rs/cutile-compiler/src/cuda_tile_runtime_utils.rs:87:13:
Failed to launch /home/champagne/cuda-13.3-tile/bin/tileiras for /tmp/191386c7-2ebe-441e-a73e-ad68a8c38903.bc: No such file or directory (os error 2)
note: run with `RUST_BACKTRACE=1` environment variable to display a backtrace
=== STAGE 5: WebGPU legacy 12-DOF (README parity) ===
--- webgpu-12dof N=2048 ---
building 2048 CPU rapier envs...
building 2048 GPU nexus envs...
[khal] backend = WebGPU
  [WebGPU update only]     799.9 ms
  (gather verified, err 0.000e0)

full iteration — 2048 envs, T=32, 5e x 16mb
  FULL CPU (rapier + CPU MLP + CPU update) :   23472.4 ms =   2.79 k env/s
  FULL GPU (nexus + vortx + GPU update)    :    1644.2 ms =  39.86 k env/s
  speedup                                  : 14.28x
--- webgpu-12dof N=4096 ---
building 4096 CPU rapier envs...
building 4096 GPU nexus envs...
[khal] backend = WebGPU
  [WebGPU update only]    1568.1 ms
  (gather verified, err 0.000e0)

full iteration — 4096 envs, T=32, 5e x 16mb
  FULL CPU (rapier + CPU MLP + CPU update) :   40431.3 ms =   3.24 k env/s
  FULL GPU (nexus + vortx + GPU update)    :    3107.3 ms =  42.18 k env/s
  speedup                                  : 13.01x
--- webgpu-12dof N=8192 ---
building 8192 CPU rapier envs...
building 8192 GPU nexus envs...
[khal] backend = WebGPU
  [WebGPU update only]    3167.3 ms
  (gather verified, err 0.000e0)

full iteration — 8192 envs, T=32, 5e x 16mb
  FULL CPU (rapier + CPU MLP + CPU update) :   69589.2 ms =   3.77 k env/s
  FULL GPU (nexus + vortx + GPU update)    :    6201.7 ms =  42.27 k env/s
  speedup                                  : 11.22x
=== STAGE 6: CUDA+cuTile bold column (AGILE-parity realism+terrain) ===
--- cuda-bold N=2048 ---
building 2048 CPU rapier envs...
building 2048 GPU nexus envs...
[khal] backend = native CUDA (sm_120)
contact reduction ENABLED (per-pair manifolds merged to ≤4 points)
terrain curriculum ENABLED: 3 family strips (20 rows x 8 m patches), built in 0.5s
contact buffers pre-sized to 128/batch
actuator delay ENABLED: 0..=4 physics substeps, resampled per env at reset
[cutile] tf32 GEMM path ENABLED (self-test worst rel err 1.13e-3)
  [WebGPU update only]     100.2 ms
  (gather verified, err 0.000e0)

full iteration — 2048 envs, T=32, 5e x 16mb
  FULL CPU (rapier + CPU MLP + CPU update) :   31178.4 ms =   2.10 k env/s
  FULL GPU (nexus + vortx + GPU update)    :    1082.2 ms =  60.56 k env/s
  speedup                                  : 28.81x
--- cuda-bold N=4096 ---
building 4096 CPU rapier envs...
building 4096 GPU nexus envs...
[khal] backend = native CUDA (sm_120)
contact reduction ENABLED (per-pair manifolds merged to ≤4 points)
terrain curriculum ENABLED: 3 family strips (20 rows x 8 m patches), built in 0.5s
contact buffers pre-sized to 128/batch
actuator delay ENABLED: 0..=4 physics substeps, resampled per env at reset
[cutile] tf32 GEMM path ENABLED (self-test worst rel err 1.13e-3)
  [WebGPU update only]     127.2 ms
  (gather verified, err 0.000e0)

full iteration — 4096 envs, T=32, 5e x 16mb
  FULL CPU (rapier + CPU MLP + CPU update) :   54235.0 ms =   2.42 k env/s
  FULL GPU (nexus + vortx + GPU update)    :    1946.8 ms =  67.33 k env/s
  speedup                                  : 27.86x
--- cuda-bold N=8192 ---
building 8192 CPU rapier envs...
building 8192 GPU nexus envs...
[khal] backend = native CUDA (sm_120)
contact reduction ENABLED (per-pair manifolds merged to ≤4 points)
terrain curriculum ENABLED: 3 family strips (20 rows x 8 m patches), built in 0.5s
contact buffers pre-sized to 128/batch
actuator delay ENABLED: 0..=4 physics substeps, resampled per env at reset
[cutile] tf32 GEMM path ENABLED (self-test worst rel err 1.13e-3)
  [WebGPU update only]     196.4 ms
  (gather verified, err 0.000e0)

full iteration — 8192 envs, T=32, 5e x 16mb
  FULL CPU (rapier + CPU MLP + CPU update) :   88077.2 ms =   2.98 k env/s
  FULL GPU (nexus + vortx + GPU update)    :    3800.9 ms =  68.97 k env/s
  speedup                                  : 23.17x
=== STAGE 7: CUDA+cuTile PRODUCTION config (d4+it4+refresh, stiff contacts) ===
--- cuda-production N=2048 ---
building 2048 CPU rapier envs...
building 2048 GPU nexus envs...
[khal] backend = native CUDA (sm_120)
contact reduction ENABLED (per-pair manifolds merged to ≤4 points)
terrain curriculum ENABLED: 3 family strips (20 rows x 8 m patches), built in 0.5s
contact buffers pre-sized to 128/batch
actuator delay ENABLED: 0..=4 physics substeps, resampled per env at reset
[cutile] tf32 GEMM path ENABLED (self-test worst rel err 1.13e-3)
  [WebGPU update only]     100.4 ms
  (gather verified, err 0.000e0)

full iteration — 2048 envs, T=32, 5e x 16mb
  FULL CPU (rapier + CPU MLP + CPU update) :   31065.2 ms =   2.11 k env/s
  FULL GPU (nexus + vortx + GPU update)    :    1703.2 ms =  38.48 k env/s
  speedup                                  : 18.24x
--- cuda-production N=4096 ---
building 4096 CPU rapier envs...
building 4096 GPU nexus envs...
[khal] backend = native CUDA (sm_120)
contact reduction ENABLED (per-pair manifolds merged to ≤4 points)
terrain curriculum ENABLED: 3 family strips (20 rows x 8 m patches), built in 0.5s
contact buffers pre-sized to 128/batch
actuator delay ENABLED: 0..=4 physics substeps, resampled per env at reset
[cutile] tf32 GEMM path ENABLED (self-test worst rel err 1.13e-3)
  [WebGPU update only]     129.5 ms
  (gather verified, err 0.000e0)

full iteration — 4096 envs, T=32, 5e x 16mb
  FULL CPU (rapier + CPU MLP + CPU update) :   52815.7 ms =   2.48 k env/s
  FULL GPU (nexus + vortx + GPU update)    :    3264.5 ms =  40.15 k env/s
  speedup                                  : 16.18x
--- cuda-production N=8192 ---
building 8192 CPU rapier envs...
building 8192 GPU nexus envs...
[khal] backend = native CUDA (sm_120)
contact reduction ENABLED (per-pair manifolds merged to ≤4 points)
terrain curriculum ENABLED: 3 family strips (20 rows x 8 m patches), built in 0.5s
contact buffers pre-sized to 128/batch
actuator delay ENABLED: 0..=4 physics substeps, resampled per env at reset
[cutile] tf32 GEMM path ENABLED (self-test worst rel err 1.13e-3)
  [WebGPU update only]     196.3 ms
  (gather verified, err 0.000e0)

full iteration — 8192 envs, T=32, 5e x 16mb
  FULL CPU (rapier + CPU MLP + CPU update) :   87636.5 ms =   2.99 k env/s
  FULL GPU (nexus + vortx + GPU update)    :    6300.1 ms =  41.61 k env/s
  speedup                                  : 13.91x
