=== A: CUDA 12-DOF G1, solver-iters 8 ===
--- cuda-12dof-it8 N=2048 ---
building 2048 CPU rapier envs...
building 2048 GPU nexus envs...
[khal] backend = native CUDA (sm_120)
[cutile] tf32 GEMM path ENABLED (self-test worst rel err 1.13e-3)
  [WebGPU update only]      90.9 ms
  (gather verified, err 0.000e0)

full iteration — 2048 envs, T=32, 5e x 16mb
  FULL CPU (rapier + CPU MLP + CPU update) :   22986.4 ms =   2.85 k env/s
  FULL GPU (nexus + vortx + GPU update)    :     667.4 ms =  98.20 k env/s
  speedup                                  : 34.44x
--- cuda-12dof-it8 N=4096 ---
building 4096 CPU rapier envs...
building 4096 GPU nexus envs...
[khal] backend = native CUDA (sm_120)
[cutile] tf32 GEMM path ENABLED (self-test worst rel err 1.13e-3)
  [WebGPU update only]     116.8 ms
  (gather verified, err 0.000e0)

full iteration — 4096 envs, T=32, 5e x 16mb
  FULL CPU (rapier + CPU MLP + CPU update) :   39403.8 ms =   3.33 k env/s
  FULL GPU (nexus + vortx + GPU update)    :    1159.5 ms = 113.04 k env/s
  speedup                                  : 33.98x
--- cuda-12dof-it8 N=8192 ---
building 8192 CPU rapier envs...
building 8192 GPU nexus envs...
[khal] backend = native CUDA (sm_120)
[cutile] tf32 GEMM path ENABLED (self-test worst rel err 1.13e-3)
  [WebGPU update only]     182.3 ms
  (gather verified, err 0.000e0)

full iteration — 8192 envs, T=32, 5e x 16mb
  FULL CPU (rapier + CPU MLP + CPU update) :   68777.6 ms =   3.81 k env/s
  FULL GPU (nexus + vortx + GPU update)    :    2205.7 ms = 118.85 k env/s
  speedup                                  : 31.18x
=== B: CUDA 12-DOF G1, solver-iters 4 ===
--- cuda-12dof-it4 N=2048 ---
building 2048 CPU rapier envs...
building 2048 GPU nexus envs...
[khal] backend = native CUDA (sm_120)
[cutile] tf32 GEMM path ENABLED (self-test worst rel err 1.13e-3)
  [WebGPU update only]      91.0 ms
  (gather verified, err 0.000e0)

full iteration — 2048 envs, T=32, 5e x 16mb
  FULL CPU (rapier + CPU MLP + CPU update) :   22752.0 ms =   2.88 k env/s
  FULL GPU (nexus + vortx + GPU update)    :     608.6 ms = 107.69 k env/s
  speedup                                  : 37.39x
--- cuda-12dof-it4 N=4096 ---
building 4096 CPU rapier envs...
building 4096 GPU nexus envs...
[khal] backend = native CUDA (sm_120)
[cutile] tf32 GEMM path ENABLED (self-test worst rel err 1.13e-3)
  [WebGPU update only]     116.9 ms
  (gather verified, err 0.000e0)

full iteration — 4096 envs, T=32, 5e x 16mb
  FULL CPU (rapier + CPU MLP + CPU update) :   39767.9 ms =   3.30 k env/s
  FULL GPU (nexus + vortx + GPU update)    :    1090.9 ms = 120.15 k env/s
  speedup                                  : 36.45x
--- cuda-12dof-it4 N=8192 ---
building 8192 CPU rapier envs...
building 8192 GPU nexus envs...
[khal] backend = native CUDA (sm_120)
[cutile] tf32 GEMM path ENABLED (self-test worst rel err 1.13e-3)
  [WebGPU update only]     182.4 ms
  (gather verified, err 0.000e0)

full iteration — 8192 envs, T=32, 5e x 16mb
  FULL CPU (rapier + CPU MLP + CPU update) :   69574.6 ms =   3.77 k env/s
  FULL GPU (nexus + vortx + GPU update)    :    2172.5 ms = 120.66 k env/s
  speedup                                  : 32.03x
=== C: CUDA 29-DOF +realism FLAT (no terrain) ===
--- cuda-29dof-flat N=2048 ---
building 2048 CPU rapier envs...
building 2048 GPU nexus envs...
[khal] backend = native CUDA (sm_120)
contact reduction ENABLED (per-pair manifolds merged to ≤4 points)
contact buffers pre-sized to 128/batch
actuator delay ENABLED: 0..=4 physics substeps, resampled per env at reset
[cutile] tf32 GEMM path ENABLED (self-test worst rel err 1.13e-3)
  [WebGPU update only]     100.5 ms
  (gather verified, err 0.000e0)

full iteration — 2048 envs, T=32, 5e x 16mb
  FULL CPU (rapier + CPU MLP + CPU update) :   31471.0 ms =   2.08 k env/s
  FULL GPU (nexus + vortx + GPU update)    :     998.7 ms =  65.62 k env/s
  speedup                                  : 31.51x
--- cuda-29dof-flat N=4096 ---
building 4096 CPU rapier envs...
building 4096 GPU nexus envs...
[khal] backend = native CUDA (sm_120)
contact reduction ENABLED (per-pair manifolds merged to ≤4 points)
contact buffers pre-sized to 128/batch
actuator delay ENABLED: 0..=4 physics substeps, resampled per env at reset
[cutile] tf32 GEMM path ENABLED (self-test worst rel err 1.13e-3)
  [WebGPU update only]     127.0 ms
  (gather verified, err 0.000e0)

full iteration — 4096 envs, T=32, 5e x 16mb
  FULL CPU (rapier + CPU MLP + CPU update) :   52904.4 ms =   2.48 k env/s
  FULL GPU (nexus + vortx + GPU update)    :    1810.2 ms =  72.41 k env/s
  speedup                                  : 29.23x
--- cuda-29dof-flat N=8192 ---
building 8192 CPU rapier envs...
building 8192 GPU nexus envs...
[khal] backend = native CUDA (sm_120)
contact reduction ENABLED (per-pair manifolds merged to ≤4 points)
contact buffers pre-sized to 128/batch
actuator delay ENABLED: 0..=4 physics substeps, resampled per env at reset
[cutile] tf32 GEMM path ENABLED (self-test worst rel err 1.13e-3)
  [WebGPU update only]     196.3 ms
  (gather verified, err 0.000e0)

full iteration — 8192 envs, T=32, 5e x 16mb
  FULL CPU (rapier + CPU MLP + CPU update) :   87667.5 ms =   2.99 k env/s
  FULL GPU (nexus + vortx + GPU update)    :    3581.6 ms =  73.19 k env/s
  speedup                                  : 24.48x
=== D: rollout-only CPU vs GPU (rollout_e2e_bench, 256 steps) ===
--- rollout N=2048 ---
building 2048 CPU rapier envs...
building 2048 GPU nexus envs...
[khal] backend = WebGPU
  [rollout split] forward 2.72 ms  sample 0.32 ms  env.step 15.64 ms

end-to-end rollout (policy + physics) — 2048 envs, 256 steps
  FULL CPU (rapier + CPU MLP) :   276.02 ms/step  =    7.4 k env/s
  FULL GPU (nexus + vortx)    :    18.74 ms/step  =  109.3 k env/s
  speedup                     : 14.73x
--- rollout N=4096 ---
building 4096 CPU rapier envs...
building 4096 GPU nexus envs...
[khal] backend = WebGPU
  [rollout split] forward 5.38 ms  sample 0.68 ms  env.step 26.62 ms

end-to-end rollout (policy + physics) — 4096 envs, 256 steps
  FULL CPU (rapier + CPU MLP) :   552.12 ms/step  =    7.4 k env/s
  FULL GPU (nexus + vortx)    :    32.81 ms/step  =  124.8 k env/s
  speedup                     : 16.83x
--- rollout N=8192 ---
building 8192 CPU rapier envs...
building 8192 GPU nexus envs...
[khal] backend = WebGPU
  [rollout split] forward 9.65 ms  sample 1.30 ms  env.step 48.88 ms

end-to-end rollout (policy + physics) — 8192 envs, 256 steps
  FULL CPU (rapier + CPU MLP) :  1100.97 ms/step  =    7.4 k env/s
  FULL GPU (nexus + vortx)    :    60.12 ms/step  =  136.3 k env/s
  speedup                     : 18.31x
=== E: true-training throughput (biped_train_gpu, BIPED_ROBOT=g1, 40 iters) ===
--- train N=2048 ---
[prof] roll=2.36s (reset=0.01s) gae=0.01s upd=9.39s | per-step ms: pipe=0.7 gpuwait=5.7 readback=0.2 reward=1.3 stage=0.2 flush=0.5 commit=0.2
[prof] roll=0.26s (reset=0.02s) gae=0.01s upd=0.06s | per-step ms: pipe=0.1 gpuwait=5.8 readback=0.2 reward=1.3 stage=0.1 flush=0.5 commit=0.2
[prof] roll=0.26s (reset=0.02s) gae=0.01s upd=0.06s | per-step ms: pipe=0.0 gpuwait=5.8 readback=0.2 reward=1.3 stage=0.1 flush=0.5 commit=0.2
[prof] roll=0.26s (reset=0.02s) gae=0.01s upd=0.06s | per-step ms: pipe=0.0 gpuwait=5.8 readback=0.2 reward=1.4 stage=0.1 flush=0.5 commit=0.2
[prof] roll=0.26s (reset=0.02s) gae=0.01s upd=0.06s | per-step ms: pipe=0.0 gpuwait=5.8 readback=0.2 reward=1.3 stage=0.1 flush=0.5 commit=0.2
train N=2048: 2.61s/iter -> 18.9 k env-steps/s (roll 0.68 upd 1.93)
--- train N=4096 ---
[prof] roll=2.53s (reset=0.01s) gae=0.02s upd=9.44s | per-step ms: pipe=0.7 gpuwait=9.7 readback=0.3 reward=1.9 stage=0.4 flush=1.1 commit=0.3
[prof] roll=0.45s (reset=0.04s) gae=0.02s upd=0.12s | per-step ms: pipe=0.1 gpuwait=9.7 readback=0.3 reward=1.7 stage=0.4 flush=1.1 commit=0.3
[prof] roll=0.45s (reset=0.03s) gae=0.02s upd=0.12s | per-step ms: pipe=0.0 gpuwait=9.8 readback=0.3 reward=1.7 stage=0.4 flush=1.1 commit=0.3
[prof] roll=0.45s (reset=0.03s) gae=0.02s upd=0.12s | per-step ms: pipe=0.0 gpuwait=9.8 readback=0.3 reward=1.7 stage=0.4 flush=1.1 commit=0.3
[prof] roll=0.45s (reset=0.03s) gae=0.02s upd=0.12s | per-step ms: pipe=0.0 gpuwait=9.8 readback=0.3 reward=1.7 stage=0.4 flush=1.1 commit=0.3
train N=4096: 2.85s/iter -> 34.5 k env-steps/s (roll 0.87 upd 1.98)
--- train N=8192 ---
[prof] roll=2.87s (reset=0.02s) gae=0.04s upd=9.57s | per-step ms: pipe=0.8 gpuwait=17.0 readback=0.6 reward=2.5 stage=0.9 flush=2.3 commit=0.7
[prof] roll=0.82s (reset=0.07s) gae=0.04s upd=0.22s | per-step ms: pipe=0.1 gpuwait=16.8 readback=0.6 reward=2.4 stage=0.9 flush=2.3 commit=0.6
[prof] roll=0.81s (reset=0.06s) gae=0.04s upd=0.22s | per-step ms: pipe=0.0 gpuwait=17.0 readback=0.6 reward=2.5 stage=0.9 flush=2.3 commit=0.6
[prof] roll=0.81s (reset=0.06s) gae=0.04s upd=0.22s | per-step ms: pipe=0.0 gpuwait=17.1 readback=0.6 reward=2.4 stage=0.9 flush=2.3 commit=0.6
[prof] roll=0.81s (reset=0.05s) gae=0.04s upd=0.22s | per-step ms: pipe=0.0 gpuwait=17.0 readback=0.6 reward=2.5 stage=0.9 flush=2.3 commit=0.6
train N=8192: 3.31s/iter -> 59.3 k env-steps/s (roll 1.22 upd 2.09)
=== F: nexus bench_batch_sweep3 (boxes + chain, WebGPU) ===
=== E2: true-training (BIPED_UPD_GRAPH=0) ===
--- train N=2048 ---
train N=2048: 2.62s/iter -> 18.7 k env-steps/s (roll 0.68 upd 1.94)
--- train N=4096 ---
train N=4096: 2.85s/iter -> 34.5 k env-steps/s (roll 0.86 upd 1.99)
--- train N=8192 ---
train N=8192: 3.32s/iter -> 59.3 k env-steps/s (roll 1.22 upd 2.10)
=== F2: nexus bench_batch_sweep3 ===
--- nexus sweep boxes size=3 @1024 ---
/bin/bash: line 1: /home/champagne/rt_build/nexus-unified/target/release/bench_batch_sweep3: No such file or directory
--- nexus sweep chain size=6 @1024 ---
/bin/bash: line 1: /home/champagne/rt_build/nexus-unified/target/release/bench_batch_sweep3: No such file or directory
--- nexus sweep boxes size=3 @1024 ---
Batch sweep — scene `boxes` size 3, batches 1..=1024 (×4), 20 warmup + 100 timed steps each
backend: WebGPU
 batches       avg/step       p50/step       env·steps/s    µs/env/step
  gpu passes at 1024 batches (11 labels, 0.710 ms total):
        0.283 ms  ×1    [RBD] solver-prep
        0.137 ms  ×4    [RBD] slv/rb-build-warmstart
        0.076 ms  ×4    [RBD] slv/rb-solve-bias
        0.074 ms  ×4    [RBD] slv/rb-solve-nobias
        0.068 ms  ×1    [RBD] narrow-phase
        0.021 ms  ×1    [RBD] bf-find-pairs
        0.017 ms  ×4    [RBD] slv/rb-apply-inc
        0.016 ms  ×4    [RBD] slv/rb-integrate
        0.009 ms  ×1    [RBD] update-mprops
        0.005 ms  ×1    [RBD] slv/init
        0.004 ms  ×1    [RBD] slv/finalize
  sanity at 1024 batches: non-finite 0, max |pos| 3.267, checksum 19465.116905, max pairs/env 27
    1024      1930.2 µs      1021.3 µs            530517           1.88
--- nexus sweep chain size=6 @1024 ---
Batch sweep — scene `chain` size 6, batches 1..=1024 (×4), 20 warmup + 100 timed steps each
backend: WebGPU
 batches       avg/step       p50/step       env·steps/s    µs/env/step
  gpu passes at 1024 batches (16 labels, 0.826 ms total):
        0.330 ms  ×4    [RBD] slv/mb-integrate-pos
        0.073 ms  ×4    [RBD] mbb/finalize-contact
        0.072 ms  ×1    [RBD] mbi/pre
        0.071 ms  ×4    [RBD] slv/mb-solve-bias
        0.066 ms  ×4    [RBD] slv/mb-solve-nobias
        0.053 ms  ×1    [RBD] narrow-phase
        0.051 ms  ×4    [RBD] mbb/init-contact
        0.031 ms  ×3    [RBD] mbb/warmstart-contact
        0.027 ms  ×1    [RBD] mbi/gravity-lu
        0.018 ms  ×4    [RBD] slv/mb-integrate-vels
        0.011 ms  ×1    [RBD] bf-find-pairs
        0.006 ms  ×1    [RBD] mbi/reset
        0.005 ms  ×1    [RBD] solver-prep
        0.005 ms  ×1    [RBD] update-mprops
        0.004 ms  ×1    [RBD] slv/init
        0.004 ms  ×1    [RBD] slv/finalize
  sanity at 1024 batches: non-finite 0, max |pos| 14.334, checksum -31093.933838, max pairs/env 1
    1024      1231.5 µs      1219.1 µs            831499           1.20
